// Jest Snapshot v1, https://goo.gl/fbAQLP

exports[`Home match snapshot 1`] = `
<div
  id="home"
>
  Home
</div>
`;
