// Jest Snapshot v1, https://goo.gl/fbAQLP

exports[`UserList match snapshot 1`] = `
<div
  id="user-list"
>
  <a
    href="/users/new"
    id="user-list__new-user"
  >
    new user
  </a>
  <h2>
    Users
  </h2>
  <ul />
</div>
`;
