// Jest Snapshot v1, https://goo.gl/fbAQLP

exports[`UsersContainer match snapshot 1`] = `<Users />`;
