// Jest Snapshot v1, https://goo.gl/fbAQLP

exports[`UserListContainer match snapshot 1`] = `<UserList />`;
