// Jest Snapshot v1, https://goo.gl/fbAQLP

exports[`LoginContainer match snapshot 1`] = `<Login />`;
