// Jest Snapshot v1, https://goo.gl/fbAQLP

exports[`EditUser match snapshot 1`] = `
<div
  className="edit-user"
  data-view="editUser"
>
  <h2>
    User
  </h2>
  <div>
    Username: 
  </div>
  <select
    className="edit-user__available-groups"
    data-view="availableGroups"
    name="groupId"
    onChange={[Function]}
  >
    <option>
      -- select group --
    </option>
  </select>
  <button
    className="edit-user__add-group-btn"
    data-view="addGroup"
    onClick={[Function]}
  >
    Add Group
  </button>
  <button
    className="edit-user__delete-btn"
    data-view="delete"
    onClick={[Function]}
  >
    Delete
  </button>
  <button
    className="edit-user__back-btn"
    data-view="back"
    onClick={[Function]}
  >
    Back
  </button>
  <h2>
    Member of groups
  </h2>
  <ul
    className="edit-user__groups"
  >
    <li
      className="edit-user__groups__item"
      data-view="groups"
      key="0"
    >
      <Link
        to="/groups/11"
      >
        alreadyAddedGroup
      </Link>
      <button
        className="edit-user__groups__item__remove-group-btn"
        data-view="removeGroup"
        onClick={[Function]}
      >
        Remove Group
      </button>
    </li>
  </ul>
</div>
`;
