// Jest Snapshot v1, https://goo.gl/fbAQLP

exports[`NewUserContainer match snapshot 1`] = `
<NewUser
  callbacks={
    Object {
      "createUser": undefined,
      "setUser": undefined,
    }
  }
  user={Object {}}
/>
`;
