// Jest Snapshot v1, https://goo.gl/fbAQLP

exports[`FolderList match snapshot 1`] = `
<div
  id="folder-list"
>
  <Link
    id="folder-list__new-folder"
    replace={false}
    to="/folders/new"
  >
    new folder
  </Link>
  <h2>
    Folders
  </h2>
  <ul />
</div>
`;
