// Jest Snapshot v1, https://goo.gl/fbAQLP

exports[`FolderListContainer match snapshot 1`] = `<FolderList />`;
