// Jest Snapshot v1, https://goo.gl/fbAQLP

exports[`ConfirmNewFolderContainer match snapshot 1`] = `
<ConfirmNewFolder
  callbacks={
    Object {
      "confirmEncryptedFolder": undefined,
      "setEncryptedFolderPassphrase": undefined,
    }
  }
/>
`;
