// Jest Snapshot v1, https://goo.gl/fbAQLP

exports[`EditFolderContainer match snapshot 1`] = `
<EditFolder
  callbacks={
    Object {
      "deleteFolder": undefined,
      "setFolder": undefined,
    }
  }
  folder={Object {}}
/>
`;
