// Jest Snapshot v1, https://goo.gl/fbAQLP

exports[`GroupListContainer match snapshot 1`] = `<GroupList />`;
