// Jest Snapshot v1, https://goo.gl/fbAQLP

exports[`GroupList match snapshot 1`] = `
<div>
  <a
    href="/groups/new"
  >
    new group
  </a>
  <h2>
    grouplist
  </h2>
  <ul />
</div>
`;
