// Jest Snapshot v1, https://goo.gl/fbAQLP

exports[`Groups match snapshot 1`] = `
<div
  id="groups"
>
  <Link
    id="groups__new-group"
    replace={false}
    to="/groups/new"
  >
    new group
  </Link>
  <h2>
    grouplist
  </h2>
  <ul
    className="group-list"
  />
</div>
`;
