// Jest Snapshot v1, https://goo.gl/fbAQLP

exports[`rootReducer initial state 1`] = `
Object {
  "aclData": Object {},
  "adminData": Object {},
  "authData": Object {},
  "folderData": Object {},
  "groupData": Object {},
  "siteData": Object {},
  "userData": Object {},
}
`;
