// Jest Snapshot v1, https://goo.gl/fbAQLP

exports[`siteReducer TOGGLE_NAVIGATION 1`] = `
Object {
  "navigationVisible": true,
}
`;

exports[`siteReducer initial state 1`] = `Object {}`;
